
> chatapp-react@0.0.0 build
> tsc -b && vite build

[36mvite v7.3.1 [32mbuilding client environment for production...[36m[39m
transforming...
[32mΓ£ô[39m 83 modules transformed.
rendering chunks...
computing gzip size...
[2mdist/[22m[32mindex.html                 [39m[1m[2m  0.64 kB[22m[1m[22m[2m Γöé gzip:   0.41 kB[22m
[2mdist/[22m[35massets/index-CCod5r_E.css  [39m[1m[2m 63.42 kB[22m[1m[22m[2m Γöé gzip:  11.92 kB[22m
[2mdist/[22m[36massets/index-BOlwscnB.js   [39m[1m[33m859.12 kB[39m[22m[2m Γöé gzip: 257.75 kB[22m
[32mΓ£ô built in 4.69s[39m
